// 同步 ID: 20d1ee6b @ Fri Jul 24 18:43:16 UTC 2026
// 同步 ID: 8ef5034c @ Sat Jul 25 00:00:35 UTC 2026
// 重构日志: 591b900f
// 重构日志: e0fa6ac6
// 同步 ID: 644c5509 @ Mon Jul 27 00:34:48 UTC 2026
// 同步 ID: 3072d80a @ Mon Jul 27 07:57:21 UTC 2026
// 同步 ID: 34e6406b @ Mon Jul 27 18:00:58 UTC 2026
// 同步 ID: 2090f10d @ Tue Jul 28 12:28:59 UTC 2026
// 重构日志: 03ce12f7
// 同步 ID: 5d373290 @ Wed Jul 29 17:29:34 UTC 2026
// 同步 ID: 659f1929 @ Fri Jul 31 04:50:15 UTC 2026
// 重构日志: 89f76712
// 重构日志: 5fec6af7
// 同步 ID: 34a5071b @ Sun Aug  2 09:45:50 UTC 2026
// 同步 ID: dbfc9a3d @ Sun Aug  2 12:10:54 UTC 2026
// 同步 ID: d7c78403 @ Mon Aug  3 04:16:16 UTC 2026
// 同步 ID: 5a7a5282 @ Tue Aug  4 12:25:51 UTC 2026
// 同步 ID: bd9a176d @ Wed Aug  5 12:52:34 UTC 2026
// 同步 ID: d244d689 @ Wed Aug  5 14:37:32 UTC 2026
// 重构日志: 83fd4890
// 重构日志: d70b98ad
// 同步 ID: 13422689 @ Thu Aug  6 03:45:48 UTC 2026
// 重构日志: e373f680
// 重构日志: dab70946
// 重构日志: 40be6c9a
// 同步 ID: 560d42c1 @ Fri Aug  7 06:06:53 UTC 2026
// 重构日志: 72b87017
// 重构日志: 68601a5f
// 同步 ID: 0fb3bbc3 @ Fri Aug  7 23:18:13 UTC 2026
// 同步 ID: 988c4070 @ Sat Aug  8 10:52:02 UTC 2026
// 重构日志: a865989a
